// Jest Snapshot v1, https://goo.gl/fbAQLP

exports[`render single expense 1`] = `
<div>
  <Link
    replace={false}
    to="/edit/2"
  >
    <h3>
      nitrogen
    </h3>
  </Link>
  <p>
    $1,099.00
    -
    December 28th, 1969
  </p>
</div>
`;
